<Activity mc:Ignorable="sap sads" x:Class="Calculate_RecordSet_Subtract"
 xmlns="http://schemas.microsoft.com/netfx/2009/xaml/activities"
 xmlns:av="http://schemas.microsoft.com/winfx/2006/xaml/presentation"
 xmlns:dc="clr-namespace:Dev2.Common;assembly=Dev2.CommonDataUtils"
 xmlns:ddc="clr-namespace:Dev2.DataList.Contract;assembly=Dev2.Data"
 xmlns:ddcb="clr-namespace:Dev2.DataList.Contract.Binary_Objects;assembly=Dev2.Data"
 xmlns:ddd="clr-namespace:Dev2.Data.Decision;assembly=Dev2.Data"
 xmlns:dddo="clr-namespace:Dev2.Data.Decisions.Operations;assembly=Dev2.Data"
 xmlns:ddsm="clr-namespace:Dev2.Data.SystemTemplates.Models;assembly=Dev2.Data"
 xmlns:mc="http://schemas.openxmlformats.org/markup-compatibility/2006"
 xmlns:mva="clr-namespace:Microsoft.VisualBasic.Activities;assembly=System.Activities"
 xmlns:s="clr-namespace:System;assembly=mscorlib"
 xmlns:sads="http://schemas.microsoft.com/netfx/2010/xaml/activities/debugger"
 xmlns:sap="http://schemas.microsoft.com/netfx/2009/xaml/activities/presentation"
 xmlns:scg="clr-namespace:System.Collections.Generic;assembly=mscorlib"
 xmlns:uaba="clr-namespace:Unlimited.Applications.BusinessDesignStudio.Activities;assembly=Dev2.Activities"
 
 xmlns:x="http://schemas.microsoft.com/winfx/2006/xaml">
    <x:Members>
        <x:Property Name="AmbientDataList" Type="InOutArgument(scg:List(x:String))" />
        <x:Property Name="ParentWorkflowInstanceId" Type="InOutArgument(s:Guid)" />
        <x:Property Name="ParentServiceName" Type="InOutArgument(x:String)" />
    </x:Members>
    <sap:VirtualizedContainerService.HintSize>870,839</sap:VirtualizedContainerService.HintSize>
    <mva:VisualBasic.Settings>Assembly references and imported namespaces serialized as XML namespaces</mva:VisualBasic.Settings>
    <Flowchart DisplayName="Calculate_RecordSet_Subtract" sap:VirtualizedContainerService.HintSize="830,799" mva:VisualBasic.Settings="Assembly references and imported namespaces serialized as XML namespaces">
        <Flowchart.Variables>
            <Variable x:TypeArguments="scg:List(x:String)" Name="InstructionList" />
            <Variable x:TypeArguments="x:String" Name="LastResult" />
            <Variable x:TypeArguments="x:Boolean" Name="HasError" />
            <Variable x:TypeArguments="x:String" Name="ExplicitDataList" />
            <Variable x:TypeArguments="x:Boolean" Name="IsValid" />

            <Variable x:TypeArguments="uaba:Util" Name="t" />
            <Variable x:TypeArguments="ddd:Dev2DataListDecisionHandler" Name="Dev2DecisionHandler" />
        </Flowchart.Variables>
        <sap:WorkflowViewStateService.ViewState>
            <scg:Dictionary x:TypeArguments="x:String, x:Object">
                <x:Boolean x:Key="IsExpanded">False</x:Boolean>
                <av:Point x:Key="ShapeLocation">270,2.5</av:Point>
                <av:Size x:Key="ShapeSize">60,75</av:Size>
                <av:PointCollection x:Key="ConnectorLocation">270,40 162.5,40 162.5,152</av:PointCollection>
                <x:Double x:Key="Width">816</x:Double>
                <x:Double x:Key="Height">763</x:Double>
            </scg:Dictionary>
        </sap:WorkflowViewStateService.ViewState>
        <Flowchart.StartNode>
            <FlowStep x:Name="__ReferenceID0">
                <sap:WorkflowViewStateService.ViewState>
                    <scg:Dictionary x:TypeArguments="x:String, x:Object">
                        <av:Point x:Key="ShapeLocation">23.5,152</av:Point>
                        <av:Size x:Key="ShapeSize">278,88</av:Size>
                        <av:PointCollection x:Key="ConnectorLocation">301.5,196 342,196 342,407</av:PointCollection>
                    </scg:Dictionary>
                </sap:WorkflowViewStateService.ViewState>
                <uaba:DsfMultiAssignActivity Compiler="{x:Null}" CurrentResult="{x:Null}" DataObject="{x:Null}" ExplicitDataList="{x:Null}" InputMapping="{x:Null}" InputTransformation="{x:Null}" OnResumeKeepList="{x:Null}" OutputMapping="{x:Null}" ParentServiceID="{x:Null}" ParentServiceName="{x:Null}" ParentWorkflowInstanceId="{x:Null}" ResultTransformation="{x:Null}" ScenarioID="{x:Null}" ScopingObject="{x:Null}" ServiceHost="{x:Null}" SimulationOutput="{x:Null}" Add="False" AmbientDataList="[AmbientDataList]" CreateBookmark="False" DatabindRecursive="False" DisplayName="Assign (4)" HasError="[HasError]" sap:VirtualizedContainerService.HintSize="278,88" InstructionList="[InstructionList]" IsSimulationEnabled="False" IsUIStep="False" IsValid="[IsValid]" IsWorkflow="False" OnResumeClearAmbientDataList="False" OnResumeClearTags="FormView,InstanceId,Bookmark,ParentWorkflowInstanceId,ParentServiceName,WebPage" SimulationMode="OnDemand" UniqueID="a6079387-2e23-4ad5-b00d-559ef4b81f68" UpdateAllOccurrences="False">
                    <uaba:DsfMultiAssignActivity.FieldsCollection>
                        <scg:List x:TypeArguments="uaba:ActivityDTO" Capacity="8">
                            <uaba:ActivityDTO FieldName="[[Employees(1).Name]]" FieldValue="Sashen" IndexNumber="1" WatermarkTextValue="Value" WatermarkTextVariable="[[Variable1]]">
                                <uaba:ActivityDTO.OutList>
                                    <scg:List x:TypeArguments="x:String" Capacity="0" />
                                </uaba:ActivityDTO.OutList>
                            </uaba:ActivityDTO>
                            <uaba:ActivityDTO FieldName="[[Employees(1).Funds]]" FieldValue="1234" IndexNumber="2" WatermarkTextValue="Value" WatermarkTextVariable="[[Variable2]]">
                                <uaba:ActivityDTO.OutList>
                                    <scg:List x:TypeArguments="x:String" Capacity="0" />
                                </uaba:ActivityDTO.OutList>
                            </uaba:ActivityDTO>
                            <uaba:ActivityDTO FieldName="[[Employees(2).Name]]" FieldValue="Ninja" IndexNumber="3" WatermarkTextValue="" WatermarkTextVariable="">
                                <uaba:ActivityDTO.OutList>
                                    <scg:List x:TypeArguments="x:String" Capacity="0" />
                                </uaba:ActivityDTO.OutList>
                            </uaba:ActivityDTO>
                            <uaba:ActivityDTO FieldName="[[Employees(2).Funds]]" FieldValue="2000000" IndexNumber="4" WatermarkTextValue="" WatermarkTextVariable="">
                                <uaba:ActivityDTO.OutList>
                                    <scg:List x:TypeArguments="x:String" Capacity="0" />
                                </uaba:ActivityDTO.OutList>
                            </uaba:ActivityDTO>
                            <uaba:ActivityDTO FieldName="" FieldValue="" IndexNumber="5" WatermarkTextValue="" WatermarkTextVariable="">
                                <uaba:ActivityDTO.OutList>
                                    <scg:List x:TypeArguments="x:String" Capacity="0" />
                                </uaba:ActivityDTO.OutList>
                            </uaba:ActivityDTO>
                        </scg:List>
                    </uaba:DsfMultiAssignActivity.FieldsCollection>
                    <uaba:DsfMultiAssignActivity.ParentInstanceID>
                        <InOutArgument x:TypeArguments="x:String" />
                    </uaba:DsfMultiAssignActivity.ParentInstanceID>
                </uaba:DsfMultiAssignActivity>
                <FlowStep.Next>
                    <FlowStep x:Name="__ReferenceID1">
                        <sap:WorkflowViewStateService.ViewState>
                            <scg:Dictionary x:TypeArguments="x:String, x:Object">
                                <av:Point x:Key="ShapeLocation">227,407</av:Point>
                                <av:Size x:Key="ShapeSize">230,106</av:Size>
                            </scg:Dictionary>
                        </sap:WorkflowViewStateService.ViewState>
                        <uaba:DsfCalculateActivity Compiler="{x:Null}" CurrentResult="{x:Null}" DataObject="{x:Null}" ExplicitDataList="{x:Null}" InputMapping="{x:Null}" InputTransformation="{x:Null}" OnResumeKeepList="{x:Null}" OutputMapping="{x:Null}" ParentServiceID="{x:Null}" ParentServiceName="{x:Null}" ParentWorkflowInstanceId="{x:Null}" ResultTransformation="{x:Null}" ScenarioID="{x:Null}" ScopingObject="{x:Null}" SimulationOutput="{x:Null}" Add="False" AmbientDataList="[AmbientDataList]" DatabindRecursive="False" DisplayName="DsfCalculateActivity" Expression="mod([[Employees(2).Funds]],[[Employees(1).Funds]])" HasError="[HasError]" sap:VirtualizedContainerService.HintSize="230,106" InstructionList="[InstructionList]" IsSimulationEnabled="False" IsUIStep="False" IsValid="[IsValid]" IsWorkflow="False" OnResumeClearAmbientDataList="False" OnResumeClearTags="FormView,InstanceId,Bookmark,ParentWorkflowInstanceId,ParentServiceName,WebPage" Result="[[result]]" SimulationMode="OnDemand" UniqueID="4b5ab147-ceaf-4686-b353-6e82e6c0a651">
                            <uaba:DsfCalculateActivity.ParentInstanceID>
                                <InOutArgument x:TypeArguments="x:String" />
                            </uaba:DsfCalculateActivity.ParentInstanceID>
                        </uaba:DsfCalculateActivity>
                    </FlowStep>
                </FlowStep.Next>
            </FlowStep>
        </Flowchart.StartNode>
        <x:Reference>__ReferenceID0</x:Reference>
        <x:Reference>__ReferenceID1</x:Reference>
        <FlowStep>
            <sap:WorkflowViewStateService.ViewState>
                <scg:Dictionary x:TypeArguments="x:String, x:Object">
                    <av:Point x:Key="ShapeLocation">519,243</av:Point>
                    <av:Size x:Key="ShapeSize">256,80</av:Size>
                </scg:Dictionary>
            </sap:WorkflowViewStateService.ViewState>
            <uaba:DsfCommentActivity DisplayName="Input" sap:VirtualizedContainerService.HintSize="256,80" Text="Employees(2).Funds finding the remainder&#xA;when divided by Employees(1).Funds" />
        </FlowStep>
        <FlowStep>
            <sap:WorkflowViewStateService.ViewState>
                <scg:Dictionary x:TypeArguments="x:String, x:Object">
                    <av:Point x:Key="ShapeLocation">500,3</av:Point>
                    <av:Size x:Key="ShapeSize">278,80</av:Size>
                </scg:Dictionary>
            </sap:WorkflowViewStateService.ViewState>
            <uaba:DsfCommentActivity DisplayName="Description" sap:VirtualizedContainerService.HintSize="278,80" Text="This will find the modulus of a record set value&#xA;when divided by another recordset value" />
        </FlowStep>
        <FlowStep>
            <sap:WorkflowViewStateService.ViewState>
                <scg:Dictionary x:TypeArguments="x:String, x:Object">
                    <av:Point x:Key="ShapeLocation">580,503</av:Point>
                    <av:Size x:Key="ShapeSize">202,260</av:Size>
                </scg:Dictionary>
            </sap:WorkflowViewStateService.ViewState>
            <uaba:DsfCommentActivity DisplayName="Expected" sap:VirtualizedContainerService.HintSize="202,260" Text="&lt;Dev2XMLResult&gt;&#xA;&lt;ADL&gt;&#xA;&lt;Employees&gt;&#xA;&lt;Funds&gt;1234&lt;/Funds&gt;&#xA;&lt;Name&gt;Sashen&lt;/Name&gt;&#xA;&lt;/Employees&gt;&#xA;&lt;Employees&gt;&#xA;&lt;Funds&gt;2000000&lt;/Funds&gt;&#xA;&lt;Name&gt;Ninja&lt;/Name&gt;&#xA;&lt;/Employees&gt;&#xA;&lt;result&gt;920&lt;/result&gt;&#xA;&lt;/ADL&gt;&#xA;&lt;JSON/&gt;&#xA;&lt;/Dev2XMLResult&gt;" />
        </FlowStep>
    </Flowchart>
</Activity>